/home/mine/silentarmy192_7/./silentarmy:191: DeprecationWarning: "@coroutine" decorator is deprecated since Python 3.8, use "async def" instead
  def reconnect(self):
/home/mine/silentarmy192_7/./silentarmy:210: DeprecationWarning: "@coroutine" decorator is deprecated since Python 3.8, use "async def" instead
  def show_stats(self):
/home/mine/silentarmy192_7/./silentarmy:308: DeprecationWarning: "@coroutine" decorator is deprecated since Python 3.8, use "async def" instead
  def start_solvers(self, devid):
DEBUG:asyncio:Get address info equihash192.na.mine.zpool.ca:2192, type=<SocketKind.SOCK_STREAM: 1>
DEBUG:asyncio:execute program '/home/mine/silentarmy192_7/sa-solver' stdin=<pipe> stdout=stderr=<pipe>
DEBUG:asyncio:process '/home/mine/silentarmy192_7/sa-solver' created: pid 461406
DEBUG:asyncio:Getting address info equihash192.na.mine.zpool.ca:2192, type=<SocketKind.SOCK_STREAM: 1> took 3.158ms: [(<AddressFamily.AF_INET: 2>, <SocketKind.SOCK_STREAM: 1>, 6, '', ('198.50.168.213', 2192))]
DEBUG:asyncio:Write pipe 8 connected: (<_UnixWritePipeTransport fd=8 idle bufsize=0>, <WriteSubprocessPipeProto fd=0 pipe=<_UnixWritePipeTransport fd=8 idle bufsize=0>>)
DEBUG:asyncio:Read pipe 6 connected: (<_UnixReadPipeTransport fd=6 polling>, <ReadSubprocessPipeProto fd=1 pipe=<_UnixReadPipeTransport fd=6 polling>>)
INFO:asyncio:execute program '/home/mine/silentarmy192_7/sa-solver': <_UnixSubprocessTransport pid=461406 running stdin=<_UnixWritePipeTransport fd=8 idle bufsize=0> stdout=<_UnixReadPipeTransport fd=6 polling>>
DEBUG:asyncio:<asyncio.TransportSocket fd=7, family=AddressFamily.AF_INET, type=SocketKind.SOCK_STREAM, proto=6, laddr=('10.42.0.120', 54920), raddr=('198.50.168.213', 2192)> connected to equihash192.na.mine.zpool.ca:2192: (<_SelectorSocketTransport fd=7 read=polling write=<idle, bufsize=0>>, <__main__.StratumClientProtocol object at 0x7f10b2e67e50>)
Connecting to equihash192.na.mine.zpool.ca:2192
Solver 0.0: launching
Successfully connected to equihash192.na.mine.zpool.ca:2192
Received target 00ffff0000000000000000000000000000000000000000000000000000000000
Received job "1ad0"
Stratum server sent us the first job
Mining on 1 device
Received job "1ad2"
Received job "1ad3"
Total 0.0 sol/s [dev0 0.0] 17 shares
Total 0.0 sol/s [dev0 0.0] 17 shares
Total 0.0 sol/s [dev0 0.0] 17 shares
Total 0.0 sol/s [dev0 0.0] 17 shares
Total 0.0 sol/s [dev0 0.0] 17 shares
Total 0.0 sol/s [dev0 0.0] 17 shares
Total 0.0 sol/s [dev0 0.0] 17 shares
Total 0.0 sol/s [dev0 0.0] 17 shares
Total 0.0 sol/s [dev0 0.0] 17 shares
Total 0.0 sol/s [dev0 0.0] 17 shares
Total 0.0 sol/s [dev0 0.0] 17 shares
Total 0.0 sol/s [dev0 0.0] 17 shares
Total 0.0 sol/s [dev0 0.0] 17 shares
Total 0.0 sol/s [dev0 0.0] 17 shares
DEBUG:asyncio:<_SelectorSocketTransport fd=7 read=polling write=<idle, bufsize=0>> received EOF
Stratum server returned an error: [25, 'Invalid share', None]
Stratum server returned an error: [25, 'Invalid share', None]
Stratum server returned an error: [25, 'Invalid share', None]
Stratum server returned an error: [25, 'Invalid share', None]
Stratum server returned an error: [25, 'Invalid share', None]
Stratum server returned an error: [25, 'Invalid share', None]
Stratum server returned an error: [25, 'Invalid share', None]
Stratum server returned an error: [25, 'Invalid share', None]
Stratum server returned an error: [25, 'Invalid share', None]
Stratum: connection was closed (invalid user/pwd?)
Total 142.1 sol/s [dev0 198.9] 27 shares
DEBUG:asyncio:Get address info equihash192.na.mine.zpool.ca:2192, type=<SocketKind.SOCK_STREAM: 1>
DEBUG:asyncio:Getting address info equihash192.na.mine.zpool.ca:2192, type=<SocketKind.SOCK_STREAM: 1> took 2.113ms: [(<AddressFamily.AF_INET: 2>, <SocketKind.SOCK_STREAM: 1>, 6, '', ('198.50.168.213', 2192))]
DEBUG:asyncio:<asyncio.TransportSocket fd=7, family=AddressFamily.AF_INET, type=SocketKind.SOCK_STREAM, proto=6, laddr=('10.42.0.120', 54928), raddr=('198.50.168.213', 2192)> connected to equihash192.na.mine.zpool.ca:2192: (<_SelectorSocketTransport fd=7 read=polling write=<idle, bufsize=0>>, <__main__.StratumClientProtocol object at 0x7f10b2e67e50>)
Connecting to equihash192.na.mine.zpool.ca:2192 (attempt 2)
Successfully connected to equihash192.na.mine.zpool.ca:2192
Total 132.6 sol/s [dev0 198.9] 27 shares
Received target 00ffff0000000000000000000000000000000000000000000000000000000000
Received job "1f6d0"
Total 124.3 sol/s [dev0 198.9] 27 shares
INFO:asyncio:<_UnixReadPipeTransport fd=6 polling> was closed by peer
INFO:asyncio:<_UnixWritePipeTransport fd=8 idle bufsize=0> was closed by peer
DEBUG:asyncio:process 461406 exited with returncode -15
INFO:asyncio:<_UnixSubprocessTransport pid=461406 running stdin=<_UnixWritePipeTransport closed fd=8 closed> stdout=<_UnixReadPipeTransport closed fd=6 closed>> exited with return code -15
Terminated
