╔═══════════════════════════════════════════════════════════╗
║         sa-tromp: Equihash 192,7 GPU Miner              ║
║    Local verification before pool integration testing    ║
╚═══════════════════════════════════════════════════════════╝

Configuration:
  Algorithm: Equihash 192,7 (Tromp bucket-based)
  Collision detection: 24-bit per stage (NBUCKETS=1M, NSLOTS=32)
  Total nonces: 1000000 (2000000 hashes)
  Memory: ~5.8GB GPU allocation

Initializing OpenCL...
✓ OpenCL ready

Mining with test header: "test_block_header_data_192_7"

═══ Batch 1/2 ═══

--- Mining batch: 500000 nonces (1000000 hashes) ---
Running GPU stages 1-7...
  Stage 1: 219 collisions
  Stage 2: 0 collisions
  Stage 3: 0 collisions
  Stage 4: 0 collisions
  Stage 5: 0 collisions
  Stage 6: 0 collisions
  Stage 7: 0 solution candidates
GPU mining complete: 0.66 seconds

No solution candidates found (need more nonces)

═══ Batch 2/2 ═══

--- Mining batch: 500000 nonces (1000000 hashes) ---
Running GPU stages 1-7...
  Stage 1: 0 collisions
  Stage 2: 0 collisions
  Stage 3: 0 collisions
  Stage 4: 0 collisions
  Stage 5: 0 collisions
  Stage 6: 0 collisions
  Stage 7: 0 solution candidates
GPU mining complete: 1.35 seconds

No solution candidates found (need more nonces)

╔═══════════════════════════════════════════════════════════╗
║                    MINING COMPLETE                        ║
╚═══════════════════════════════════════════════════════════╝

Results:
  Total nonces processed: 1000000
  Total mining time: 2.39 seconds
  Hash rate: 417552.05 Sol/s
  Valid solutions found: 0

⚠️  No valid solutions found
   This may indicate an issue with collision detection.
   Check GPU kernel implementation.

