╔═══════════════════════════════════════════════════════════╗
║         sa-tromp: Equihash 192,7 GPU Miner              ║
║    Local verification before pool integration testing    ║
╚═══════════════════════════════════════════════════════════╝

Configuration:
  Algorithm: Equihash 192,7 (Tromp bucket-based)
  Collision detection: 24-bit per stage (NBUCKETS=1M, NSLOTS=32)
  Total nonces: 10000000 (20000000 hashes)
  Memory: ~5.8GB GPU allocation

Initializing OpenCL...
✓ OpenCL ready

Mining with test header: "test_block_header_data_192_7"

Processing in 54 batch(es) of up to 187000 nonces each
(Beignet driver limitation: max ~1.1M nonces per batch)

═══ Batch 1/54: nonces 0-186999 (187000 nonces) ═══

--- Mining batch: 187000 nonces (374000 hashes) starting at nonce 0 ---
  [DEBUG] idx=0 -> nonce g=0
  [DEBUG] idx=1 -> nonce g=0
  [DEBUG] idx=2 -> nonce g=1
  [DEBUG] idx=3 -> nonce g=1
  [DEBUG] idx=373998 -> nonce g=186999
  [DEBUG] idx=373999 -> nonce g=186999
  [DEBUG] First 10 hash bucket IDs: 332215 177551 466330 1033576 254661 669810 1022412 563690 1023391 981770 
  [DEBUG] First hash bytes: 51 1b 72 f3
Running GPU stages 1-7...
  Stage 1: 16845 collisions in 10138 buckets (max 9 per bucket)
  [DEBUG] First 5 non-empty buckets: bucket 0=1 colls, bucket 1=1 colls, bucket 3=1 colls, bucket 4=2 colls, bucket 5=2 colls, 
  [DEBUG] First collision attr=0x0e6c608e hash=009bc20c
  Stage 2: 8770 collisions
  [DEBUG] Stage 2 first 10 bucket_counts: 0 0 0 0 0 0 0 0 0 0 
  Stage 3: 2310 collisions
  Stage 4: 187 collisions
  Stage 5: 2 collisions
  Stage 6: 0 collisions
  Stage 7: 0 solution candidates
GPU mining complete: 0.68 seconds

No solution candidates found (need more nonces)

═══ Batch 2/54: nonces 187000-373999 (187000 nonces) ═══

--- Mining batch: 187000 nonces (374000 hashes) starting at nonce 187000 ---
  [DEBUG] idx=0 -> nonce g=187000
  [DEBUG] idx=1 -> nonce g=187000
  [DEBUG] idx=2 -> nonce g=187001
  [DEBUG] idx=3 -> nonce g=187001
  [DEBUG] idx=373998 -> nonce g=373999
  [DEBUG] idx=373999 -> nonce g=373999
  [DEBUG] First 10 hash bucket IDs: 143558 481031 17924 111177 72941 943114 542070 188347 71538 195716 
  [DEBUG] First hash bytes: 23 0c 62 8e
Running GPU stages 1-7...
  Stage 1: 16568 collisions in 10059 buckets (max 9 per bucket)
  [DEBUG] First 5 non-empty buckets: bucket 0=3 colls, bucket 1=2 colls, bucket 2=1 colls, bucket 3=1 colls, bucket 4=2 colls, 
  [DEBUG] First collision attr=0x1ac10f51 hash=001c0f53
  Stage 2: 8368 collisions
  [DEBUG] Stage 2 first 10 bucket_counts: 0 0 0 0 0 0 0 0 0 0 
  Stage 3: 2167 collisions
  Stage 4: 155 collisions
  Stage 5: 1 collisions
  Stage 6: 0 collisions
  Stage 7: 0 solution candidates
GPU mining complete: 0.71 seconds

No solution candidates found (need more nonces)

═══ Batch 3/54: nonces 374000-560999 (187000 nonces) ═══

--- Mining batch: 187000 nonces (374000 hashes) starting at nonce 374000 ---
  [DEBUG] idx=0 -> nonce g=374000
  [DEBUG] idx=1 -> nonce g=374000
  [DEBUG] idx=2 -> nonce g=374001
  [DEBUG] idx=3 -> nonce g=374001
  [DEBUG] idx=373998 -> nonce g=560999
  [DEBUG] idx=373999 -> nonce g=560999
  [DEBUG] First 10 hash bucket IDs: 370691 958215 398976 876597 1036276 199467 57138 604720 107516 539415 
  [DEBUG] First hash bytes: 5a 80 32 62
Running GPU stages 1-7...
  Stage 1: 16603 collisions in 9993 buckets (max 12 per bucket)
  [DEBUG] First 5 non-empty buckets: bucket 0=1 colls, bucket 3=2 colls, bucket 4=2 colls, bucket 5=2 colls, bucket 8=2 colls, 
  [DEBUG] First collision attr=0x1dc79462 hash=006e7197
  Stage 2: 0 collisions
  [DEBUG] Stage 2 first 10 bucket_counts: 0 0 0 0 0 0 0 0 0 0 
  Stage 3: 0 collisions
  Stage 4: 0 collisions
  Stage 5: 0 collisions
  Stage 6: 0 collisions
  Stage 7: 0 solution candidates
GPU mining complete: 0.61 seconds

No solution candidates found (need more nonces)

═══ Batch 4/54: nonces 561000-747999 (187000 nonces) ═══

--- Mining batch: 187000 nonces (374000 hashes) starting at nonce 561000 ---
  [DEBUG] idx=0 -> nonce g=561000
  [DEBUG] idx=1 -> nonce g=561000
  [DEBUG] idx=2 -> nonce g=561001
  [DEBUG] idx=3 -> nonce g=561001
  [DEBUG] idx=373998 -> nonce g=747999
  [DEBUG] idx=373999 -> nonce g=747999
  [DEBUG] First 10 hash bucket IDs: 196551 119086 1021099 1011969 912569 563825 563602 1012757 970058 381657 
  [DEBUG] First hash bytes: 2f fc 70 a5
Running GPU stages 1-7...
  Stage 1: 16869 collisions in 10160 buckets (max 9 per bucket)
  [DEBUG] First 5 non-empty buckets: bucket 0=1 colls, bucket 1=2 colls, bucket 2=1 colls, bucket 3=1 colls, bucket 5=3 colls, 
  [DEBUG] First collision attr=0x40244de4 hash=000dfa3f
  Stage 2: 8824 collisions
  [DEBUG] Stage 2 first 10 bucket_counts: 0 0 0 0 0 0 0 0 0 0 
  Stage 3: 2338 collisions
  Stage 4: 170 collisions
  Stage 5: 3 collisions
  Stage 6: 0 collisions
  Stage 7: 0 solution candidates
GPU mining complete: 0.68 seconds

No solution candidates found (need more nonces)

═══ Batch 5/54: nonces 748000-934999 (187000 nonces) ═══

--- Mining batch: 187000 nonces (374000 hashes) starting at nonce 748000 ---
  [DEBUG] idx=0 -> nonce g=748000
  [DEBUG] idx=1 -> nonce g=748000
  [DEBUG] idx=2 -> nonce g=748001
  [DEBUG] idx=3 -> nonce g=748001
  [DEBUG] idx=373998 -> nonce g=934999
  [DEBUG] idx=373999 -> nonce g=934999
  [DEBUG] First 10 hash bucket IDs: 768419 387318 675128 963834 209921 80744 496337 231082 664396 976838 
  [DEBUG] First hash bytes: bb 9a 38 6e
Running GPU stages 1-7...
  Stage 1: 16733 collisions in 10087 buckets (max 9 per bucket)
  [DEBUG] First 5 non-empty buckets: bucket 1=1 colls, bucket 2=1 colls, bucket 3=1 colls, bucket 4=1 colls, bucket 5=1 colls, 
  [DEBUG] First collision attr=0x00000000 hash=00000000
  Stage 2: 8577 collisions
  [DEBUG] Stage 2 first 10 bucket_counts: 0 0 0 0 0 0 0 0 0 0 
  Stage 3: 2303 collisions
  Stage 4: 182 collisions
  Stage 5: 3 collisions
  Stage 6: 0 collisions
  Stage 7: 0 solution candidates
GPU mining complete: 0.67 seconds

No solution candidates found (need more nonces)

═══ Batch 6/54: nonces 935000-1121999 (187000 nonces) ═══

--- Mining batch: 187000 nonces (374000 hashes) starting at nonce 935000 ---
  [DEBUG] idx=0 -> nonce g=935000
  [DEBUG] idx=1 -> nonce g=935000
  [DEBUG] idx=2 -> nonce g=935001
  [DEBUG] idx=3 -> nonce g=935001
  [DEBUG] idx=373998 -> nonce g=1121999
  [DEBUG] idx=373999 -> nonce g=1121999
  [DEBUG] First 10 hash bucket IDs: 7137 716387 442510 712614 158825 756160 133872 593131 226266 560256 
  [DEBUG] First hash bytes: 01 be 1b bd
Running GPU stages 1-7...
  Stage 1: 16407 collisions in 10028 buckets (max 9 per bucket)
  [DEBUG] First 5 non-empty buckets: bucket 1=2 colls, bucket 4=1 colls, bucket 6=1 colls, bucket 7=3 colls, bucket 10=1 colls, 
  [DEBUG] First collision attr=0x00000000 hash=00000000
  Stage 2: 0 collisions
  [DEBUG] Stage 2 first 10 bucket_counts: 0 0 0 0 0 0 0 0 0 0 
  Stage 3: 0 collisions
  Stage 4: 0 collisions
  Stage 5: 0 collisions
  Stage 6: 0 collisions
  Stage 7: 0 solution candidates
GPU mining complete: 0.60 seconds

No solution candidates found (need more nonces)

═══ Batch 7/54: nonces 1122000-1308999 (187000 nonces) ═══

--- Mining batch: 187000 nonces (374000 hashes) starting at nonce 1122000 ---
  [DEBUG] idx=0 -> nonce g=1122000
  [DEBUG] idx=1 -> nonce g=1122000
  [DEBUG] idx=2 -> nonce g=1122001
  [DEBUG] idx=3 -> nonce g=1122001
  [DEBUG] idx=373998 -> nonce g=1308999
  [DEBUG] idx=373999 -> nonce g=1308999
  [DEBUG] First 10 hash bucket IDs: 299516 168829 887715 3730 330030 400443 774673 384544 730165 913359 
  [DEBUG] First hash bytes: 49 1f ca 47
Running GPU stages 1-7...
  Stage 1: 16803 collisions in 10121 buckets (max 10 per bucket)
  [DEBUG] First 5 non-empty buckets: bucket 0=3 colls, bucket 1=1 colls, bucket 2=2 colls, bucket 4=1 colls, bucket 7=2 colls, 
  [DEBUG] First collision attr=0x13d49294 hash=005bdd7b
  Stage 2: 8546 collisions
  [DEBUG] Stage 2 first 10 bucket_counts: 0 0 0 0 0 0 0 0 0 0 
  Stage 3: 2247 collisions
  Stage 4: 170 collisions
  Stage 5: 1 collisions
  Stage 6: 0 collisions
  Stage 7: 0 solution candidates
GPU mining complete: 0.68 seconds

No solution candidates found (need more nonces)

═══ Batch 8/54: nonces 1309000-1495999 (187000 nonces) ═══

--- Mining batch: 187000 nonces (374000 hashes) starting at nonce 1309000 ---
  [DEBUG] idx=0 -> nonce g=1309000
  [DEBUG] idx=1 -> nonce g=1309000
  [DEBUG] idx=2 -> nonce g=1309001
  [DEBUG] idx=3 -> nonce g=1309001
  [DEBUG] idx=373998 -> nonce g=1495999
  [DEBUG] idx=373999 -> nonce g=1495999
  [DEBUG] First 10 hash bucket IDs: 918751 878701 133960 161338 327696 322049 370467 698004 70617 829766 
  [DEBUG] First hash bytes: e0 4d f5 60
Running GPU stages 1-7...
  Stage 1: 16799 collisions in 10193 buckets (max 10 per bucket)
  [DEBUG] First 5 non-empty buckets: bucket 0=2 colls, bucket 2=3 colls, bucket 3=1 colls, bucket 5=1 colls, bucket 10=1 colls, 
  [DEBUG] First collision attr=0x1059ed3f hash=006d2878
  Stage 2: 8716 collisions
  [DEBUG] Stage 2 first 10 bucket_counts: 0 0 0 0 0 0 0 0 0 0 
  Stage 3: 2389 collisions
  Stage 4: 159 collisions
  Stage 5: 1 collisions
  Stage 6: 0 collisions
  Stage 7: 0 solution candidates
GPU mining complete: 0.69 seconds

No solution candidates found (need more nonces)

═══ Batch 9/54: nonces 1496000-1682999 (187000 nonces) ═══

--- Mining batch: 187000 nonces (374000 hashes) starting at nonce 1496000 ---
  [DEBUG] idx=0 -> nonce g=1496000
  [DEBUG] idx=1 -> nonce g=1496000
  [DEBUG] idx=2 -> nonce g=1496001
  [DEBUG] idx=3 -> nonce g=1496001
  [DEBUG] idx=373998 -> nonce g=1682999
  [DEBUG] idx=373999 -> nonce g=1682999
  [DEBUG] First 10 hash bucket IDs: 37643 353084 1002779 61508 422387 154750 999517 107781 193752 515512 
  [DEBUG] First hash bytes: 09 30 b4 ee
Running GPU stages 1-7...
  Stage 1: 16356 collisions in 9915 buckets (max 9 per bucket)
  [DEBUG] First 5 non-empty buckets: bucket 2=3 colls, bucket 6=2 colls, bucket 10=2 colls, bucket 11=2 colls, bucket 12=3 colls, 
  [DEBUG] First collision attr=0x00000000 hash=00000000
  Stage 2: 0 collisions
  [DEBUG] Stage 2 first 10 bucket_counts: 0 0 0 0 0 0 0 0 0 0 
  Stage 3: 0 collisions
  Stage 4: 0 collisions
  Stage 5: 0 collisions
  Stage 6: 0 collisions
  Stage 7: 0 solution candidates
GPU mining complete: 0.61 seconds

No solution candidates found (need more nonces)

═══ Batch 10/54: nonces 1683000-1869999 (187000 nonces) ═══

--- Mining batch: 187000 nonces (374000 hashes) starting at nonce 1683000 ---
  [DEBUG] idx=0 -> nonce g=1683000
  [DEBUG] idx=1 -> nonce g=1683000
  [DEBUG] idx=2 -> nonce g=1683001
  [DEBUG] idx=3 -> nonce g=1683001
  [DEBUG] idx=373998 -> nonce g=1869999
  [DEBUG] idx=373999 -> nonce g=1869999
  [DEBUG] First 10 hash bucket IDs: 469695 584285 909843 34392 495213 193874 352069 270455 669211 207901 
  [DEBUG] First hash bytes: 72 ab fa 08
Running GPU stages 1-7...
  Stage 1: 16570 collisions in 10094 buckets (max 10 per bucket)
  [DEBUG] First 5 non-empty buckets: bucket 1=1 colls, bucket 3=2 colls, bucket 6=1 colls, bucket 13=1 colls, bucket 17=3 colls, 
  [DEBUG] First collision attr=0x00000000 hash=00000000
  Stage 2: 8425 collisions
  [DEBUG] Stage 2 first 10 bucket_counts: 0 0 0 0 0 0 0 0 0 0 
  Stage 3: 2225 collisions
  Stage 4: 154 collisions
  Stage 5: 1 collisions
  Stage 6: 0 collisions
  Stage 7: 0 solution candidates
GPU mining complete: 0.68 seconds

No solution candidates found (need more nonces)

═══ Batch 11/54: nonces 1870000-2056999 (187000 nonces) ═══

--- Mining batch: 187000 nonces (374000 hashes) starting at nonce 1870000 ---
  [DEBUG] idx=0 -> nonce g=1870000
  [DEBUG] idx=1 -> nonce g=1870000
  [DEBUG] idx=2 -> nonce g=1870001
  [DEBUG] idx=3 -> nonce g=1870001
  [DEBUG] idx=373998 -> nonce g=2056999
  [DEBUG] idx=373999 -> nonce g=2056999
  [DEBUG] First 10 hash bucket IDs: 53990 544295 1000152 1035584 964596 989074 846874 295855 849557 510305 
  [DEBUG] First hash bytes: 0d 2e 6f fa
Running GPU stages 1-7...
  Stage 1: 16390 collisions in 9975 buckets (max 9 per bucket)
  [DEBUG] First 5 non-empty buckets: bucket 3=2 colls, bucket 5=3 colls, bucket 6=1 colls, bucket 7=1 colls, bucket 11=1 colls, 
  [DEBUG] First collision attr=0x00000000 hash=00000000
  Stage 2: 0 collisions
  [DEBUG] Stage 2 first 10 bucket_counts: 0 0 0 0 0 0 0 0 0 0 
  Stage 3: 0 collisions
  Stage 4: 0 collisions
  Stage 5: 0 collisions
  Stage 6: 0 collisions
  Stage 7: 0 solution candidates
GPU mining complete: 0.61 seconds

No solution candidates found (need more nonces)

═══ Batch 12/54: nonces 2057000-2243999 (187000 nonces) ═══

--- Mining batch: 187000 nonces (374000 hashes) starting at nonce 2057000 ---
  [DEBUG] idx=0 -> nonce g=2057000
  [DEBUG] idx=1 -> nonce g=2057000
  [DEBUG] idx=2 -> nonce g=2057001
  [DEBUG] idx=3 -> nonce g=2057001
  [DEBUG] idx=373998 -> nonce g=2243999
  [DEBUG] idx=373999 -> nonce g=2243999
  [DEBUG] First 10 hash bucket IDs: 906784 161864 961988 531059 286122 606927 445074 176052 177889 269988 
  [DEBUG] First hash bytes: dd 62 0b a2
Running GPU stages 1-7...
  Stage 1: 16374 collisions in 10030 buckets (max 10 per bucket)
  [DEBUG] First 5 non-empty buckets: bucket 0=2 colls, bucket 5=2 colls, bucket 6=1 colls, bucket 8=1 colls, bucket 12=1 colls, 
  [DEBUG] First collision attr=0x0ae57c90 hash=0006c146
  Stage 2: 8196 collisions
  [DEBUG] Stage 2 first 10 bucket_counts: 0 0 0 0 0 0 0 0 0 0 
  Stage 3: 2032 collisions
  Stage 4: 127 collisions
  Stage 5: 3 collisions
  Stage 6: 3 collisions
  Stage 7: 3 solution candidates
GPU mining complete: 0.67 seconds

Extracting and verifying 3 candidate(s)...
  Candidate 1: ✗ Duplicate indices (skipped)
  Candidate 2: ✗ Duplicate indices (skipped)
  Candidate 3: ✗ Duplicate indices (skipped)

Batch results: 0 valid solution(s) from 3 candidates

═══ Batch 13/54: nonces 2244000-2430999 (187000 nonces) ═══

--- Mining batch: 187000 nonces (374000 hashes) starting at nonce 2244000 ---
  [DEBUG] idx=0 -> nonce g=2244000
  [DEBUG] idx=1 -> nonce g=2244000
  [DEBUG] idx=2 -> nonce g=2244001
  [DEBUG] idx=3 -> nonce g=2244001
  [DEBUG] idx=373998 -> nonce g=2430999
  [DEBUG] idx=373999 -> nonce g=2430999
  [DEBUG] First 10 hash bucket IDs: 41661 882670 236106 216115 454836 150176 466938 400285 827741 598423 
  [DEBUG] First hash bytes: 0a 2b de 83
Running GPU stages 1-7...
  Stage 1: 16365 collisions in 9905 buckets (max 10 per bucket)
  [DEBUG] First 5 non-empty buckets: bucket 0=2 colls, bucket 1=4 colls, bucket 2=3 colls, bucket 4=1 colls, bucket 5=1 colls, 
  [DEBUG] First collision attr=0x11b950dc hash=00a3fb80
  Stage 2: 0 collisions
  [DEBUG] Stage 2 first 10 bucket_counts: 0 0 0 0 0 0 0 0 0 0 
  Stage 3: 0 collisions
  Stage 4: 0 collisions
  Stage 5: 0 collisions
  Stage 6: 0 collisions
  Stage 7: 0 solution candidates
GPU mining complete: 0.61 seconds

No solution candidates found (need more nonces)

═══ Batch 14/54: nonces 2431000-2617999 (187000 nonces) ═══

--- Mining batch: 187000 nonces (374000 hashes) starting at nonce 2431000 ---
  [DEBUG] idx=0 -> nonce g=2431000
  [DEBUG] idx=1 -> nonce g=2431000
  [DEBUG] idx=2 -> nonce g=2431001
  [DEBUG] idx=3 -> nonce g=2431001
  [DEBUG] idx=373998 -> nonce g=2617999
  [DEBUG] idx=373999 -> nonce g=2617999
  [DEBUG] First 10 hash bucket IDs: 870117 596925 658660 985161 760954 429359 64153 85406 675712 450845 
  [DEBUG] First hash bytes: d4 6e 5d c1
Running GPU stages 1-7...
  Stage 1: 16437 collisions in 10001 buckets (max 11 per bucket)
  [DEBUG] First 5 non-empty buckets: bucket 0=1 colls, bucket 1=2 colls, bucket 3=1 colls, bucket 4=1 colls, bucket 5=3 colls, 
  [DEBUG] First collision attr=0x3b90f9ab hash=006e7a01
  Stage 2: 8167 collisions
  [DEBUG] Stage 2 first 10 bucket_counts: 0 0 0 0 0 0 0 0 0 0 
  Stage 3: 2012 collisions
  Stage 4: 128 collisions
  Stage 5: 0 collisions
  Stage 6: 0 collisions
  Stage 7: 0 solution candidates
GPU mining complete: 0.68 seconds

No solution candidates found (need more nonces)

═══ Batch 15/54: nonces 2618000-2804999 (187000 nonces) ═══

--- Mining batch: 187000 nonces (374000 hashes) starting at nonce 2618000 ---
  [DEBUG] idx=0 -> nonce g=2618000
  [DEBUG] idx=1 -> nonce g=2618000
  [DEBUG] idx=2 -> nonce g=2618001
  [DEBUG] idx=3 -> nonce g=2618001
  [DEBUG] idx=373998 -> nonce g=2804999
  [DEBUG] idx=373999 -> nonce g=2804999
  [DEBUG] First 10 hash bucket IDs: 30685 535775 672960 81342 579693 346531 6887 885773 812362 621303 
  [DEBUG] First hash bytes: 07 7d d3 76
Running GPU stages 1-7...
  Stage 1: 16630 collisions in 10143 buckets (max 9 per bucket)
  [DEBUG] First 5 non-empty buckets: bucket 0=2 colls, bucket 1=2 colls, bucket 2=1 colls, bucket 3=1 colls, bucket 6=1 colls, 
  [DEBUG] First collision attr=0x0a9ce59e hash=009315ca
  Stage 2: 8444 collisions
  [DEBUG] Stage 2 first 10 bucket_counts: 0 0 0 0 0 0 0 0 0 0 
  Stage 3: 2202 collisions
  Stage 4: 143 collisions
  Stage 5: 1 collisions
  Stage 6: 0 collisions
  Stage 7: 0 solution candidates
GPU mining complete: 0.65 seconds

No solution candidates found (need more nonces)

═══ Batch 16/54: nonces 2805000-2991999 (187000 nonces) ═══

--- Mining batch: 187000 nonces (374000 hashes) starting at nonce 2805000 ---
  [DEBUG] idx=0 -> nonce g=2805000
  [DEBUG] idx=1 -> nonce g=2805000
  [DEBUG] idx=2 -> nonce g=2805001
  [DEBUG] idx=3 -> nonce g=2805001
  [DEBUG] idx=373998 -> nonce g=2991999
  [DEBUG] idx=373999 -> nonce g=2991999
  [DEBUG] First 10 hash bucket IDs: 740448 252648 504435 677370 509724 381936 315376 133111 877672 28389 
  [DEBUG] First hash bytes: b4 c6 0d 78
Running GPU stages 1-7...
  Stage 1: 16371 collisions in 9977 buckets (max 10 per bucket)
  [DEBUG] First 5 non-empty buckets: bucket 0=1 colls, bucket 1=3 colls, bucket 2=1 colls, bucket 8=1 colls, bucket 9=2 colls, 
  [DEBUG] First collision attr=0x4c106927 hash=00706c08
  Stage 2: 0 collisions
  [DEBUG] Stage 2 first 10 bucket_counts: 0 0 0 0 0 0 0 0 0 0 
  Stage 3: 0 collisions
  Stage 4: 0 collisions
  Stage 5: 0 collisions
  Stage 6: 0 collisions
  Stage 7: 0 solution candidates
GPU mining complete: 0.60 seconds

No solution candidates found (need more nonces)

═══ Batch 17/54: nonces 2992000-3178999 (187000 nonces) ═══

--- Mining batch: 187000 nonces (374000 hashes) starting at nonce 2992000 ---
  [DEBUG] idx=0 -> nonce g=2992000
  [DEBUG] idx=1 -> nonce g=2992000
  [DEBUG] idx=2 -> nonce g=2992001
  [DEBUG] idx=3 -> nonce g=2992001
  [DEBUG] idx=373998 -> nonce g=3178999
  [DEBUG] idx=373999 -> nonce g=3178999
  [DEBUG] First 10 hash bucket IDs: 197671 28969 61756 757401 653564 100807 343350 290247 459226 115514 
  [DEBUG] First hash bytes: 30 42 78 ba
Running GPU stages 1-7...
  Stage 1: 16501 collisions in 10022 buckets (max 8 per bucket)
  [DEBUG] First 5 non-empty buckets: bucket 0=1 colls, bucket 3=1 colls, bucket 4=1 colls, bucket 6=2 colls, bucket 7=1 colls, 
  [DEBUG] First collision attr=0x0b7d9cec hash=00219a6b
  Stage 2: 8297 collisions
  [DEBUG] Stage 2 first 10 bucket_counts: 0 0 0 0 0 0 0 0 0 0 
  Stage 3: 2095 collisions
  Stage 4: 149 collisions
  Stage 5: 0 collisions
  Stage 6: 0 collisions
  Stage 7: 0 solution candidates
GPU mining complete: 0.67 seconds

No solution candidates found (need more nonces)

═══ Batch 18/54: nonces 3179000-3365999 (187000 nonces) ═══

--- Mining batch: 187000 nonces (374000 hashes) starting at nonce 3179000 ---
  [DEBUG] idx=0 -> nonce g=3179000
  [DEBUG] idx=1 -> nonce g=3179000
  [DEBUG] idx=2 -> nonce g=3179001
  [DEBUG] idx=3 -> nonce g=3179001
  [DEBUG] idx=373998 -> nonce g=3365999
  [DEBUG] idx=373999 -> nonce g=3365999
  [DEBUG] First 10 hash bucket IDs: 424239 842011 480770 1012377 452190 646369 49986 234964 249737 664603 
  [DEBUG] First hash bytes: 67 92 fc 62
Running GPU stages 1-7...
  Stage 1: 16761 collisions in 10161 buckets (max 9 per bucket)
  [DEBUG] First 5 non-empty buckets: bucket 0=1 colls, bucket 1=3 colls, bucket 2=1 colls, bucket 3=2 colls, bucket 5=1 colls, 
  [DEBUG] First collision attr=0x06dfa36c hash=00d2f729
  Stage 2: 8551 collisions
  [DEBUG] Stage 2 first 10 bucket_counts: 0 0 0 0 0 0 0 0 0 0 
  Stage 3: 2220 collisions
  Stage 4: 145 collisions
  Stage 5: 2 collisions
  Stage 6: 0 collisions
  Stage 7: 0 solution candidates
GPU mining complete: 0.65 seconds

No solution candidates found (need more nonces)

═══ Batch 19/54: nonces 3366000-3552999 (187000 nonces) ═══

--- Mining batch: 187000 nonces (374000 hashes) starting at nonce 3366000 ---
  [DEBUG] idx=0 -> nonce g=3366000
  [DEBUG] idx=1 -> nonce g=3366000
  [DEBUG] idx=2 -> nonce g=3366001
  [DEBUG] idx=3 -> nonce g=3366001
  [DEBUG] idx=373998 -> nonce g=3552999
  [DEBUG] idx=373999 -> nonce g=3552999
  [DEBUG] First 10 hash bucket IDs: 763964 981117 459590 930557 152173 93065 82021 982099 70639 447951 
  [DEBUG] First hash bytes: ba 83 c6 e3
Running GPU stages 1-7...
  Stage 1: 16399 collisions in 9986 buckets (max 10 per bucket)
  [DEBUG] First 5 non-empty buckets: bucket 1=2 colls, bucket 2=1 colls, bucket 3=2 colls, bucket 4=1 colls, bucket 5=2 colls, 
  [DEBUG] First collision attr=0x00000000 hash=00000000
  Stage 2: 0 collisions
  [DEBUG] Stage 2 first 10 bucket_counts: 0 0 0 0 0 0 0 0 0 0 
  Stage 3: 0 collisions
  Stage 4: 0 collisions
  Stage 5: 0 collisions
  Stage 6: 0 collisions
  Stage 7: 0 solution candidates
GPU mining complete: 0.61 seconds

No solution candidates found (need more nonces)

═══ Batch 20/54: nonces 3553000-3739999 (187000 nonces) ═══

--- Mining batch: 187000 nonces (374000 hashes) starting at nonce 3553000 ---
  [DEBUG] idx=0 -> nonce g=3553000
  [DEBUG] idx=1 -> nonce g=3553000
  [DEBUG] idx=2 -> nonce g=3553001
  [DEBUG] idx=3 -> nonce g=3553001
  [DEBUG] idx=373998 -> nonce g=3739999
  [DEBUG] idx=373999 -> nonce g=3739999
  [DEBUG] First 10 hash bucket IDs: 72123 76580 692027 354234 613869 293528 619541 410969 900393 747193 
  [DEBUG] First hash bytes: 11 9b bb 3a
Running GPU stages 1-7...
  Stage 1: 16573 collisions in 10055 buckets (max 8 per bucket)
  [DEBUG] First 5 non-empty buckets: bucket 0=2 colls, bucket 2=2 colls, bucket 3=1 colls, bucket 4=2 colls, bucket 5=1 colls, 
  [DEBUG] First collision attr=0x1e74dc50 hash=009117f3
  Stage 2: 8382 collisions
  [DEBUG] Stage 2 first 10 bucket_counts: 0 0 0 0 0 0 0 0 0 0 
  Stage 3: 2103 collisions
  Stage 4: 145 collisions
  Stage 5: 0 collisions
  Stage 6: 0 collisions
  Stage 7: 0 solution candidates
GPU mining complete: 0.66 seconds

No solution candidates found (need more nonces)

═══ Batch 21/54: nonces 3740000-3926999 (187000 nonces) ═══

--- Mining batch: 187000 nonces (374000 hashes) starting at nonce 3740000 ---
  [DEBUG] idx=0 -> nonce g=3740000
  [DEBUG] idx=1 -> nonce g=3740000
  [DEBUG] idx=2 -> nonce g=3740001
  [DEBUG] idx=3 -> nonce g=3740001
  [DEBUG] idx=373998 -> nonce g=3926999
  [DEBUG] idx=373999 -> nonce g=3926999
  [DEBUG] First 10 hash bucket IDs: 878817 440468 1031096 35735 1018967 385850 946525 238133 422592 1010516 
  [DEBUG] First hash bytes: d6 8e 1f 2c
Running GPU stages 1-7...
  Stage 1: 16469 collisions in 10007 buckets (max 8 per bucket)
  [DEBUG] First 5 non-empty buckets: bucket 1=1 colls, bucket 2=1 colls, bucket 3=1 colls, bucket 4=1 colls, bucket 5=2 colls, 
  [DEBUG] First collision attr=0x00000000 hash=00000000
  Stage 2: 0 collisions
  [DEBUG] Stage 2 first 10 bucket_counts: 0 0 0 0 0 0 0 0 0 0 
  Stage 3: 0 collisions
  Stage 4: 0 collisions
  Stage 5: 0 collisions
  Stage 6: 0 collisions
  Stage 7: 0 solution candidates
GPU mining complete: 0.60 seconds

No solution candidates found (need more nonces)

═══ Batch 22/54: nonces 3927000-4113999 (187000 nonces) ═══

--- Mining batch: 187000 nonces (374000 hashes) starting at nonce 3927000 ---
  [DEBUG] idx=0 -> nonce g=3927000
  [DEBUG] idx=1 -> nonce g=3927000
  [DEBUG] idx=2 -> nonce g=3927001
  [DEBUG] idx=3 -> nonce g=3927001
  [DEBUG] idx=373998 -> nonce g=4113999
  [DEBUG] idx=373999 -> nonce g=4113999
  [DEBUG] First 10 hash bucket IDs: 6913 611786 62132 977402 940804 860439 91665 219529 926589 898493 
  [DEBUG] First hash bytes: 01 b0 1b e6
Running GPU stages 1-7...
  Stage 1: 16550 collisions in 10147 buckets (max 9 per bucket)
  [DEBUG] First 5 non-empty buckets: bucket 0=1 colls, bucket 2=1 colls, bucket 4=1 colls, bucket 8=2 colls, bucket 13=1 colls, 
  [DEBUG] First collision attr=0x09fb1901 hash=00479022
  Stage 2: 8358 collisions
  [DEBUG] Stage 2 first 10 bucket_counts: 0 0 0 0 0 0 0 0 0 0 
  Stage 3: 2192 collisions
  Stage 4: 153 collisions
  Stage 5: 1 collisions
  Stage 6: 0 collisions
  Stage 7: 0 solution candidates
GPU mining complete: 0.68 seconds

No solution candidates found (need more nonces)

═══ Batch 23/54: nonces 4114000-4300999 (187000 nonces) ═══

--- Mining batch: 187000 nonces (374000 hashes) starting at nonce 4114000 ---
  [DEBUG] idx=0 -> nonce g=4114000
  [DEBUG] idx=1 -> nonce g=4114000
  [DEBUG] idx=2 -> nonce g=4114001
  [DEBUG] idx=3 -> nonce g=4114001
  [DEBUG] idx=373998 -> nonce g=4300999
  [DEBUG] idx=373999 -> nonce g=4300999
  [DEBUG] First 10 hash bucket IDs: 304087 960331 940876 858452 763755 285356 1008780 663771 49155 645301 
  [DEBUG] First hash bytes: 4a 3d 7c d2
Running GPU stages 1-7...
  Stage 1: 16714 collisions in 10115 buckets (max 12 per bucket)
  [DEBUG] First 5 non-empty buckets: bucket 0=2 colls, bucket 2=3 colls, bucket 4=3 colls, bucket 5=1 colls, bucket 6=3 colls, 
  [DEBUG] First collision attr=0x1be5efca hash=00342163
  Stage 2: 8491 collisions
  [DEBUG] Stage 2 first 10 bucket_counts: 0 0 0 0 0 0 0 0 0 0 
  Stage 3: 2136 collisions
  Stage 4: 141 collisions
  Stage 5: 0 collisions
  Stage 6: 0 collisions
  Stage 7: 0 solution candidates
GPU mining complete: 0.69 seconds

No solution candidates found (need more nonces)

═══ Batch 24/54: nonces 4301000-4487999 (187000 nonces) ═══

--- Mining batch: 187000 nonces (374000 hashes) starting at nonce 4301000 ---
  [DEBUG] idx=0 -> nonce g=4301000
  [DEBUG] idx=1 -> nonce g=4301000
  [DEBUG] idx=2 -> nonce g=4301001
  [DEBUG] idx=3 -> nonce g=4301001
  [DEBUG] idx=373998 -> nonce g=4487999
  [DEBUG] idx=373999 -> nonce g=4487999
  [DEBUG] First 10 hash bucket IDs: 178376 807257 212160 658055 1029082 271135 199227 812303 203483 1009070 
  [DEBUG] First hash bytes: 2b 8c 87 3f
Running GPU stages 1-7...
  Stage 1: 16449 collisions in 9951 buckets (max 10 per bucket)
  [DEBUG] First 5 non-empty buckets: bucket 0=1 colls, bucket 1=1 colls, bucket 2=1 colls, bucket 3=1 colls, bucket 4=1 colls, 
  [DEBUG] First collision attr=0x377f25b1 hash=007364b8
  Stage 2: 0 collisions
  [DEBUG] Stage 2 first 10 bucket_counts: 0 0 0 0 0 0 0 0 0 0 
  Stage 3: 0 collisions
  Stage 4: 0 collisions
  Stage 5: 0 collisions
  Stage 6: 0 collisions
  Stage 7: 0 solution candidates
GPU mining complete: 0.61 seconds

No solution candidates found (need more nonces)

═══ Batch 25/54: nonces 4488000-4674999 (187000 nonces) ═══

--- Mining batch: 187000 nonces (374000 hashes) starting at nonce 4488000 ---
  [DEBUG] idx=0 -> nonce g=4488000
  [DEBUG] idx=1 -> nonce g=4488000
  [DEBUG] idx=2 -> nonce g=4488001
  [DEBUG] idx=3 -> nonce g=4488001
  [DEBUG] idx=373998 -> nonce g=4674999
  [DEBUG] idx=373999 -> nonce g=4674999
  [DEBUG] First 10 hash bucket IDs: 696341 689927 860031 130425 810774 733720 877618 204736 181755 588929 
  [DEBUG] First hash bytes: aa 01 5f 64
Running GPU stages 1-7...
  Stage 1: 16837 collisions in 10150 buckets (max 11 per bucket)
  [DEBUG] First 5 non-empty buckets: bucket 0=2 colls, bucket 3=1 colls, bucket 7=1 colls, bucket 8=3 colls, bucket 9=1 colls, 
  [DEBUG] First collision attr=0x08f098fe hash=00da7c7f
  Stage 2: 8599 collisions
  [DEBUG] Stage 2 first 10 bucket_counts: 0 0 0 0 0 0 0 0 0 0 
  Stage 3: 2258 collisions
  Stage 4: 149 collisions
  Stage 5: 1 collisions
  Stage 6: 0 collisions
  Stage 7: 0 solution candidates
GPU mining complete: 0.68 seconds

No solution candidates found (need more nonces)

═══ Batch 26/54: nonces 4675000-4861999 (187000 nonces) ═══

--- Mining batch: 187000 nonces (374000 hashes) starting at nonce 4675000 ---
  [DEBUG] idx=0 -> nonce g=4675000
  [DEBUG] idx=1 -> nonce g=4675000
  [DEBUG] idx=2 -> nonce g=4675001
  [DEBUG] idx=3 -> nonce g=4675001
  [DEBUG] idx=373998 -> nonce g=4861999
  [DEBUG] idx=373999 -> nonce g=4861999
  [DEBUG] First 10 hash bucket IDs: 899675 60156 817300 395629 71760 210275 188706 815494 69847 562972 
  [DEBUG] First hash bytes: db a5 be 6a
Running GPU stages 1-7...
  Stage 1: 16366 collisions in 9983 buckets (max 11 per bucket)
  [DEBUG] First 5 non-empty buckets: bucket 1=3 colls, bucket 3=3 colls, bucket 4=3 colls, bucket 5=2 colls, bucket 6=2 colls, 
  [DEBUG] First collision attr=0x00000000 hash=00000000
  Stage 2: 8185 collisions
  [DEBUG] Stage 2 first 10 bucket_counts: 0 0 0 0 0 0 0 0 0 0 
  Stage 3: 1969 collisions
  Stage 4: 99 collisions
  Stage 5: 0 collisions
  Stage 6: 0 collisions
  Stage 7: 0 solution candidates
GPU mining complete: 0.71 seconds

No solution candidates found (need more nonces)

═══ Batch 27/54: nonces 4862000-5048999 (187000 nonces) ═══

--- Mining batch: 187000 nonces (374000 hashes) starting at nonce 4862000 ---
  [DEBUG] idx=0 -> nonce g=4862000
  [DEBUG] idx=1 -> nonce g=4862000
  [DEBUG] idx=2 -> nonce g=4862001
  [DEBUG] idx=3 -> nonce g=4862001
  [DEBUG] idx=373998 -> nonce g=5048999
  [DEBUG] idx=373999 -> nonce g=5048999
  [DEBUG] First 10 hash bucket IDs: 567800 347935 212648 1040859 675927 794630 261347 235254 460158 404315 
  [DEBUG] First hash bytes: 8a 9f 88 d7
Running GPU stages 1-7...
  Stage 1: 16237 collisions in 9851 buckets (max 9 per bucket)
  [DEBUG] First 5 non-empty buckets: bucket 2=3 colls, bucket 3=1 colls, bucket 6=1 colls, bucket 8=1 colls, bucket 9=3 colls, 
  [DEBUG] First collision attr=0x00000000 hash=00000000
  Stage 2: 0 collisions
  [DEBUG] Stage 2 first 10 bucket_counts: 0 0 0 0 0 0 0 0 0 0 
  Stage 3: 0 collisions
  Stage 4: 0 collisions
  Stage 5: 0 collisions
  Stage 6: 0 collisions
  Stage 7: 0 solution candidates
GPU mining complete: 0.61 seconds

No solution candidates found (need more nonces)

═══ Batch 28/54: nonces 5049000-5235999 (187000 nonces) ═══

--- Mining batch: 187000 nonces (374000 hashes) starting at nonce 5049000 ---
  [DEBUG] idx=0 -> nonce g=5049000
  [DEBUG] idx=1 -> nonce g=5049000
  [DEBUG] idx=2 -> nonce g=5049001
  [DEBUG] idx=3 -> nonce g=5049001
  [DEBUG] idx=373998 -> nonce g=5235999
  [DEBUG] idx=373999 -> nonce g=5235999
  [DEBUG] First 10 hash bucket IDs: 322708 398624 625335 313687 252406 408951 530109 385531 977305 710494 
  [DEBUG] First hash bytes: 4e c9 47 c0
Running GPU stages 1-7...
  Stage 1: 16570 collisions in 10031 buckets (max 9 per bucket)
  [DEBUG] First 5 non-empty buckets: bucket 0=1 colls, bucket 1=2 colls, bucket 5=2 colls, bucket 6=1 colls, bucket 7=1 colls, 
  [DEBUG] First collision attr=0x1c83e511 hash=0010335d
  Stage 2: 8324 collisions
  [DEBUG] Stage 2 first 10 bucket_counts: 0 0 0 0 0 0 0 0 0 0 
  Stage 3: 2127 collisions
  Stage 4: 134 collisions
  Stage 5: 3 collisions
  Stage 6: 3 collisions
  Stage 7: 3 solution candidates
GPU mining complete: 0.67 seconds

Extracting and verifying 3 candidate(s)...
  Candidate 1: ✗ Duplicate indices (skipped)
  Candidate 2: ✗ Duplicate indices (skipped)
  Candidate 3: ✗ Duplicate indices (skipped)

Batch results: 0 valid solution(s) from 3 candidates

═══ Batch 29/54: nonces 5236000-5422999 (187000 nonces) ═══

--- Mining batch: 187000 nonces (374000 hashes) starting at nonce 5236000 ---
  [DEBUG] idx=0 -> nonce g=5236000
  [DEBUG] idx=1 -> nonce g=5236000
  [DEBUG] idx=2 -> nonce g=5236001
  [DEBUG] idx=3 -> nonce g=5236001
  [DEBUG] idx=373998 -> nonce g=5422999
  [DEBUG] idx=373999 -> nonce g=5422999
  [DEBUG] First 10 hash bucket IDs: 482137 561627 288792 440774 865535 452128 250712 504809 517010 914444 
  [DEBUG] First hash bytes: 75 b5 9c 23
Running GPU stages 1-7...
  Stage 1: 16533 collisions in 10060 buckets (max 11 per bucket)
  [DEBUG] First 5 non-empty buckets: bucket 0=2 colls, bucket 1=1 colls, bucket 3=1 colls, bucket 7=1 colls, bucket 8=1 colls, 
  [DEBUG] First collision attr=0x30fbd0ff hash=00c881d5
  Stage 2: 8277 collisions
  [DEBUG] Stage 2 first 10 bucket_counts: 0 0 0 0 0 0 0 0 0 0 
  Stage 3: 2026 collisions
  Stage 4: 116 collisions
  Stage 5: 1 collisions
  Stage 6: 0 collisions
  Stage 7: 0 solution candidates
GPU mining complete: 0.71 seconds

No solution candidates found (need more nonces)

═══ Batch 30/54: nonces 5423000-5609999 (187000 nonces) ═══

--- Mining batch: 187000 nonces (374000 hashes) starting at nonce 5423000 ---
  [DEBUG] idx=0 -> nonce g=5423000
  [DEBUG] idx=1 -> nonce g=5423000
  [DEBUG] idx=2 -> nonce g=5423001
  [DEBUG] idx=3 -> nonce g=5423001
  [DEBUG] idx=373998 -> nonce g=5609999
  [DEBUG] idx=373999 -> nonce g=5609999
  [DEBUG] First 10 hash bucket IDs: 554687 537364 57091 766211 575500 807165 930637 392863 229664 581204 
  [DEBUG] First hash bytes: 87 6b f5 e8
Running GPU stages 1-7...
  Stage 1: 13744 collisions in 8301 buckets (max 10 per bucket)
  [DEBUG] First 5 non-empty buckets: bucket 2=1 colls, bucket 6=1 colls, bucket 7=1 colls, bucket 8=3 colls, bucket 9=1 colls, 
  [DEBUG] First collision attr=0x00000000 hash=00000000
  Stage 2: 0 collisions
  [DEBUG] Stage 2 first 10 bucket_counts: 0 0 0 0 0 0 0 0 0 0 
  Stage 3: 0 collisions
  Stage 4: 0 collisions
  Stage 5: 0 collisions
  Stage 6: 0 collisions
  Stage 7: 0 solution candidates
GPU mining complete: 0.61 seconds

No solution candidates found (need more nonces)

═══ Batch 31/54: nonces 5610000-5796999 (187000 nonces) ═══

--- Mining batch: 187000 nonces (374000 hashes) starting at nonce 5610000 ---
  [DEBUG] idx=0 -> nonce g=5610000
  [DEBUG] idx=1 -> nonce g=5610000
  [DEBUG] idx=2 -> nonce g=5610001
  [DEBUG] idx=3 -> nonce g=5610001
  [DEBUG] idx=373998 -> nonce g=5796999
  [DEBUG] idx=373999 -> nonce g=5796999
  [DEBUG] First 10 hash bucket IDs: 727575 167776 491558 796557 356620 131416 824848 456460 907015 649645 
  [DEBUG] First hash bytes: b1 a1 7e ac
Running GPU stages 1-7...
  Stage 1: 16754 collisions in 10203 buckets (max 9 per bucket)
  [DEBUG] First 5 non-empty buckets: bucket 0=1 colls, bucket 2=2 colls, bucket 3=3 colls, bucket 4=1 colls, bucket 5=1 colls, 
  [DEBUG] First collision attr=0x10fa3b63 hash=00cf4cd7
  Stage 2: 8556 collisions
  [DEBUG] Stage 2 first 10 bucket_counts: 0 0 0 0 0 0 0 0 0 0 
  Stage 3: 2172 collisions
  Stage 4: 147 collisions
  Stage 5: 1 collisions
  Stage 6: 0 collisions
  Stage 7: 0 solution candidates
GPU mining complete: 0.68 seconds

No solution candidates found (need more nonces)

═══ Batch 32/54: nonces 5797000-5983999 (187000 nonces) ═══

--- Mining batch: 187000 nonces (374000 hashes) starting at nonce 5797000 ---
  [DEBUG] idx=0 -> nonce g=5797000
  [DEBUG] idx=1 -> nonce g=5797000
  [DEBUG] idx=2 -> nonce g=5797001
  [DEBUG] idx=3 -> nonce g=5797001
  [DEBUG] idx=373998 -> nonce g=5983999
  [DEBUG] idx=373999 -> nonce g=5983999
  [DEBUG] First 10 hash bucket IDs: 730840 352243 551140 255476 675926 237731 893732 710828 772696 485942 
  [DEBUG] First hash bytes: b2 6d 8b 74
Running GPU stages 1-7...
  Stage 1: 16698 collisions in 10123 buckets (max 11 per bucket)
  [DEBUG] First 5 non-empty buckets: bucket 0=1 colls, bucket 1=1 colls, bucket 2=1 colls, bucket 4=3 colls, bucket 7=1 colls, 
  [DEBUG] First collision attr=0x015d7081 hash=00ff677c
  Stage 2: 8406 collisions
  [DEBUG] Stage 2 first 10 bucket_counts: 0 0 0 0 0 0 0 0 0 0 
  Stage 3: 2238 collisions
  Stage 4: 170 collisions
  Stage 5: 1 collisions
  Stage 6: 0 collisions
  Stage 7: 0 solution candidates
GPU mining complete: 0.68 seconds

No solution candidates found (need more nonces)

═══ Batch 33/54: nonces 5984000-6170999 (187000 nonces) ═══

--- Mining batch: 187000 nonces (374000 hashes) starting at nonce 5984000 ---
  [DEBUG] idx=0 -> nonce g=5984000
  [DEBUG] idx=1 -> nonce g=5984000
  [DEBUG] idx=2 -> nonce g=5984001
  [DEBUG] idx=3 -> nonce g=5984001
  [DEBUG] idx=373998 -> nonce g=6170999
  [DEBUG] idx=373999 -> nonce g=6170999
  [DEBUG] First 10 hash bucket IDs: 1013229 982331 397748 989181 152335 984889 286664 470963 696617 660903 
  [DEBUG] First hash bytes: f7 5e d9 b1
Running GPU stages 1-7...
  Stage 1: 16550 collisions in 10005 buckets (max 11 per bucket)
  [DEBUG] First 5 non-empty buckets: bucket 2=2 colls, bucket 3=7 colls, bucket 4=1 colls, bucket 5=1 colls, bucket 6=1 colls, 
  [DEBUG] First collision attr=0x00000000 hash=00000000
  Stage 2: 0 collisions
  [DEBUG] Stage 2 first 10 bucket_counts: 0 0 0 0 0 0 0 0 0 0 
  Stage 3: 0 collisions
  Stage 4: 0 collisions
  Stage 5: 0 collisions
  Stage 6: 0 collisions
  Stage 7: 0 solution candidates
GPU mining complete: 0.61 seconds

No solution candidates found (need more nonces)

═══ Batch 34/54: nonces 6171000-6357999 (187000 nonces) ═══

--- Mining batch: 187000 nonces (374000 hashes) starting at nonce 6171000 ---
  [DEBUG] idx=0 -> nonce g=6171000
  [DEBUG] idx=1 -> nonce g=6171000
  [DEBUG] idx=2 -> nonce g=6171001
  [DEBUG] idx=3 -> nonce g=6171001
  [DEBUG] idx=373998 -> nonce g=6357999
  [DEBUG] idx=373999 -> nonce g=6357999
  [DEBUG] First 10 hash bucket IDs: 531645 405309 759490 1019070 228009 59867 718930 802869 38461 313353 
  [DEBUG] First hash bytes: 81 cb da 2b
Running GPU stages 1-7...
  Stage 1: 16766 collisions in 10118 buckets (max 8 per bucket)
  [DEBUG] First 5 non-empty buckets: bucket 4=3 colls, bucket 6=3 colls, bucket 7=1 colls, bucket 8=2 colls, bucket 9=1 colls, 
  [DEBUG] First collision attr=0x00000000 hash=00000000
  Stage 2: 8566 collisions
  [DEBUG] Stage 2 first 10 bucket_counts: 0 0 0 0 0 0 0 0 0 0 
  Stage 3: 2286 collisions
  Stage 4: 168 collisions
  Stage 5: 1 collisions
  Stage 6: 0 collisions
  Stage 7: 0 solution candidates
GPU mining complete: 0.70 seconds

No solution candidates found (need more nonces)

═══ Batch 35/54: nonces 6358000-6544999 (187000 nonces) ═══

--- Mining batch: 187000 nonces (374000 hashes) starting at nonce 6358000 ---
  [DEBUG] idx=0 -> nonce g=6358000
  [DEBUG] idx=1 -> nonce g=6358000
  [DEBUG] idx=2 -> nonce g=6358001
  [DEBUG] idx=3 -> nonce g=6358001
  [DEBUG] idx=373998 -> nonce g=6544999
  [DEBUG] idx=373999 -> nonce g=6544999
  [DEBUG] First 10 hash bucket IDs: 30228 1047416 357295 111171 788969 330307 982112 305373 443288 7150 
  [DEBUG] First hash bytes: 07 61 4b 79
Running GPU stages 1-7...
  Stage 1: 16686 collisions in 10080 buckets (max 9 per bucket)
  [DEBUG] First 5 non-empty buckets: bucket 1=2 colls, bucket 3=1 colls, bucket 10=2 colls, bucket 11=2 colls, bucket 12=1 colls, 
  [DEBUG] First collision attr=0x00000000 hash=00000000
  Stage 2: 8423 collisions
  [DEBUG] Stage 2 first 10 bucket_counts: 0 0 0 0 0 0 0 0 0 0 
  Stage 3: 2109 collisions
  Stage 4: 149 collisions
  Stage 5: 0 collisions
  Stage 6: 0 collisions
  Stage 7: 0 solution candidates
GPU mining complete: 0.68 seconds

No solution candidates found (need more nonces)

═══ Batch 36/54: nonces 6545000-6731999 (187000 nonces) ═══

--- Mining batch: 187000 nonces (374000 hashes) starting at nonce 6545000 ---
  [DEBUG] idx=0 -> nonce g=6545000
  [DEBUG] idx=1 -> nonce g=6545000
  [DEBUG] idx=2 -> nonce g=6545001
  [DEBUG] idx=3 -> nonce g=6545001
  [DEBUG] idx=373998 -> nonce g=6731999
  [DEBUG] idx=373999 -> nonce g=6731999
  [DEBUG] First 10 hash bucket IDs: 587641 204005 489829 764186 52464 67492 1012368 865318 647601 745798 
  [DEBUG] First hash bytes: 8f 77 90 36
Running GPU stages 1-7...
  Stage 1: 16537 collisions in 9962 buckets (max 8 per bucket)
  [DEBUG] First 5 non-empty buckets: bucket 0=1 colls, bucket 1=1 colls, bucket 3=3 colls, bucket 4=2 colls, bucket 7=2 colls, 
  [DEBUG] First collision attr=0x3b1a56da hash=0028c708
  Stage 2: 0 collisions
  [DEBUG] Stage 2 first 10 bucket_counts: 0 0 0 0 0 0 0 0 0 0 
  Stage 3: 0 collisions
  Stage 4: 0 collisions
  Stage 5: 0 collisions
  Stage 6: 0 collisions
  Stage 7: 0 solution candidates
GPU mining complete: 0.61 seconds

No solution candidates found (need more nonces)

═══ Batch 37/54: nonces 6732000-6918999 (187000 nonces) ═══

--- Mining batch: 187000 nonces (374000 hashes) starting at nonce 6732000 ---
  [DEBUG] idx=0 -> nonce g=6732000
  [DEBUG] idx=1 -> nonce g=6732000
  [DEBUG] idx=2 -> nonce g=6732001
  [DEBUG] idx=3 -> nonce g=6732001
  [DEBUG] idx=373998 -> nonce g=6918999
  [DEBUG] idx=373999 -> nonce g=6918999
  [DEBUG] First 10 hash bucket IDs: 351567 319890 1017930 643147 784975 596633 958457 776818 763925 132166 
  [DEBUG] First hash bytes: 55 d4 f0 4b
Running GPU stages 1-7...
  Stage 1: 16691 collisions in 10099 buckets (max 8 per bucket)
  [DEBUG] First 5 non-empty buckets: bucket 0=3 colls, bucket 1=1 colls, bucket 4=2 colls, bucket 6=1 colls, bucket 7=1 colls, 
  [DEBUG] First collision attr=0x09f7b2ee hash=00924f58
  Stage 2: 8576 collisions
  [DEBUG] Stage 2 first 10 bucket_counts: 0 0 0 0 0 0 0 0 0 0 
  Stage 3: 2205 collisions
  Stage 4: 168 collisions
  Stage 5: 15 collisions
  Stage 6: 105 collisions
  Stage 7: 512 solution candidates
GPU mining complete: 0.68 seconds

Extracting and verifying 512 candidate(s)...
  Candidate 1: ✗ Duplicate indices (skipped)
  Candidate 2: ✗ Duplicate indices (skipped)
  Candidate 3: ✗ Duplicate indices (skipped)
  Candidate 4: ✗ Duplicate indices (skipped)
  Candidate 5: ✗ Duplicate indices (skipped)
  Candidate 6: ✗ Duplicate indices (skipped)
  Candidate 7: ✗ Duplicate indices (skipped)
  Candidate 8: ✗ Duplicate indices (skipped)
  Candidate 9: ✗ Duplicate indices (skipped)
  Candidate 10: ✗ Duplicate indices (skipped)
  Candidate 11: ✗ Duplicate indices (skipped)
  Candidate 12: ✗ Duplicate indices (skipped)
  Candidate 13: ✗ Duplicate indices (skipped)
  Candidate 14: ✗ Duplicate indices (skipped)
  Candidate 15: ✗ Duplicate indices (skipped)
  Candidate 16: ✗ Duplicate indices (skipped)
  Candidate 17: ✗ Duplicate indices (skipped)
  Candidate 18: ✗ Duplicate indices (skipped)
  Candidate 19: ✗ Duplicate indices (skipped)
  Candidate 20: ✗ Duplicate indices (skipped)
  Candidate 21: ✗ Duplicate indices (skipped)
  Candidate 22: ✗ Duplicate indices (skipped)
  Candidate 23: ✗ Duplicate indices (skipped)
  Candidate 24: ✗ Duplicate indices (skipped)
  Candidate 25: ✗ Duplicate indices (skipped)
  Candidate 26: ✗ Duplicate indices (skipped)
  Candidate 27: ✗ Duplicate indices (skipped)
  Candidate 28: ✗ Duplicate indices (skipped)
  Candidate 29: ✗ Duplicate indices (skipped)
  Candidate 30: ✗ Duplicate indices (skipped)
  Candidate 31: ✗ Duplicate indices (skipped)
  Candidate 32: ✗ Duplicate indices (skipped)

Batch results: 0 valid solution(s) from 512 candidates

═══ Batch 38/54: nonces 6919000-7105999 (187000 nonces) ═══

--- Mining batch: 187000 nonces (374000 hashes) starting at nonce 6919000 ---
  [DEBUG] idx=0 -> nonce g=6919000
  [DEBUG] idx=1 -> nonce g=6919000
  [DEBUG] idx=2 -> nonce g=6919001
  [DEBUG] idx=3 -> nonce g=6919001
  [DEBUG] idx=373998 -> nonce g=7105999
  [DEBUG] idx=373999 -> nonce g=7105999
  [DEBUG] First 10 hash bucket IDs: 183876 477658 735280 984309 97474 872771 853841 595965 785269 306167 
  [DEBUG] First hash bytes: 2c e4 4d f5
Running GPU stages 1-7...
  Stage 1: 13657 collisions in 8278 buckets (max 12 per bucket)
  [DEBUG] First 5 non-empty buckets: bucket 0=1 colls, bucket 1=1 colls, bucket 2=2 colls, bucket 5=1 colls, bucket 6=1 colls, 
  [DEBUG] First collision attr=0x1747ddfd hash=00facc3b
  Stage 2: 0 collisions
  [DEBUG] Stage 2 first 10 bucket_counts: 0 0 0 0 0 0 0 0 0 0 
  Stage 3: 0 collisions
  Stage 4: 0 collisions
  Stage 5: 0 collisions
  Stage 6: 0 collisions
  Stage 7: 0 solution candidates
GPU mining complete: 0.61 seconds

No solution candidates found (need more nonces)

═══ Batch 39/54: nonces 7106000-7292999 (187000 nonces) ═══

--- Mining batch: 187000 nonces (374000 hashes) starting at nonce 7106000 ---
  [DEBUG] idx=0 -> nonce g=7106000
  [DEBUG] idx=1 -> nonce g=7106000
  [DEBUG] idx=2 -> nonce g=7106001
  [DEBUG] idx=3 -> nonce g=7106001
  [DEBUG] idx=373998 -> nonce g=7292999
  [DEBUG] idx=373999 -> nonce g=7292999
  [DEBUG] First 10 hash bucket IDs: 785174 812262 156280 829584 285007 424573 930098 447680 877993 595081 
  [DEBUG] First hash bytes: bf b1 6d 65
Running GPU stages 1-7...
  Stage 1: 16608 collisions in 10141 buckets (max 12 per bucket)
  [DEBUG] First 5 non-empty buckets: bucket 1=1 colls, bucket 4=2 colls, bucket 5=1 colls, bucket 6=1 colls, bucket 7=1 colls, 
  [DEBUG] First collision attr=0x00000000 hash=00000000
  Stage 2: 8433 collisions
  [DEBUG] Stage 2 first 10 bucket_counts: 0 0 0 0 0 0 0 0 0 0 
  Stage 3: 2177 collisions
  Stage 4: 132 collisions
  Stage 5: 0 collisions
  Stage 6: 0 collisions
  Stage 7: 0 solution candidates
GPU mining complete: 0.70 seconds

No solution candidates found (need more nonces)

═══ Batch 40/54: nonces 7293000-7479999 (187000 nonces) ═══

--- Mining batch: 187000 nonces (374000 hashes) starting at nonce 7293000 ---
  [DEBUG] idx=0 -> nonce g=7293000
  [DEBUG] idx=1 -> nonce g=7293000
  [DEBUG] idx=2 -> nonce g=7293001
  [DEBUG] idx=3 -> nonce g=7293001
  [DEBUG] idx=373998 -> nonce g=7479999
  [DEBUG] idx=373999 -> nonce g=7479999
  [DEBUG] First 10 hash bucket IDs: 311401 316611 793247 843001 289078 386765 886437 670863 66282 382862 
  [DEBUG] First hash bytes: 4c 06 9e 9c
Running GPU stages 1-7...
  Stage 1: 16786 collisions in 10165 buckets (max 8 per bucket)
  [DEBUG] First 5 non-empty buckets: bucket 1=1 colls, bucket 2=2 colls, bucket 3=2 colls, bucket 4=5 colls, bucket 5=1 colls, 
  [DEBUG] First collision attr=0x00000000 hash=00000000
  Stage 2: 8594 collisions
  [DEBUG] Stage 2 first 10 bucket_counts: 0 0 0 0 0 0 0 0 0 0 
  Stage 3: 2261 collisions
  Stage 4: 152 collisions
  Stage 5: 1 collisions
  Stage 6: 0 collisions
  Stage 7: 0 solution candidates
GPU mining complete: 0.68 seconds

No solution candidates found (need more nonces)

═══ Batch 41/54: nonces 7480000-7666999 (187000 nonces) ═══

--- Mining batch: 187000 nonces (374000 hashes) starting at nonce 7480000 ---
  [DEBUG] idx=0 -> nonce g=7480000
  [DEBUG] idx=1 -> nonce g=7480000
  [DEBUG] idx=2 -> nonce g=7480001
  [DEBUG] idx=3 -> nonce g=7480001
  [DEBUG] idx=373998 -> nonce g=7666999
  [DEBUG] idx=373999 -> nonce g=7666999
  [DEBUG] First 10 hash bucket IDs: 226887 378429 668582 1028515 365913 990360 103510 689821 593654 684752 
  [DEBUG] First hash bytes: 37 64 76 b3
Running GPU stages 1-7...
  Stage 1: 16451 collisions in 9898 buckets (max 9 per bucket)
  [DEBUG] First 5 non-empty buckets: bucket 1=2 colls, bucket 2=1 colls, bucket 3=3 colls, bucket 5=1 colls, bucket 6=1 colls, 
  [DEBUG] First collision attr=0x00000000 hash=00000000
  Stage 2: 0 collisions
  [DEBUG] Stage 2 first 10 bucket_counts: 0 0 0 0 0 0 0 0 0 0 
  Stage 3: 0 collisions
  Stage 4: 0 collisions
  Stage 5: 0 collisions
  Stage 6: 0 collisions
  Stage 7: 0 solution candidates
GPU mining complete: 0.61 seconds

No solution candidates found (need more nonces)

═══ Batch 42/54: nonces 7667000-7853999 (187000 nonces) ═══

--- Mining batch: 187000 nonces (374000 hashes) starting at nonce 7667000 ---
  [DEBUG] idx=0 -> nonce g=7667000
  [DEBUG] idx=1 -> nonce g=7667000
  [DEBUG] idx=2 -> nonce g=7667001
  [DEBUG] idx=3 -> nonce g=7667001
  [DEBUG] idx=373998 -> nonce g=7853999
  [DEBUG] idx=373999 -> nonce g=7853999
  [DEBUG] First 10 hash bucket IDs: 744342 151274 851968 543220 926710 561839 917957 589983 637617 616043 
  [DEBUG] First hash bytes: b5 b9 6b 97
Running GPU stages 1-7...
  Stage 1: 16727 collisions in 10260 buckets (max 11 per bucket)
  [DEBUG] First 5 non-empty buckets: bucket 0=1 colls, bucket 2=2 colls, bucket 3=3 colls, bucket 4=1 colls, bucket 5=2 colls, 
  [DEBUG] First collision attr=0x10192a39 hash=00d4e3cb
  Stage 2: 8560 collisions
  [DEBUG] Stage 2 first 10 bucket_counts: 0 0 0 0 0 0 0 0 0 0 
  Stage 3: 2201 collisions
  Stage 4: 166 collisions
  Stage 5: 0 collisions
  Stage 6: 0 collisions
  Stage 7: 0 solution candidates
GPU mining complete: 0.68 seconds

No solution candidates found (need more nonces)

═══ Batch 43/54: nonces 7854000-8040999 (187000 nonces) ═══

--- Mining batch: 187000 nonces (374000 hashes) starting at nonce 7854000 ---
  [DEBUG] idx=0 -> nonce g=7854000
  [DEBUG] idx=1 -> nonce g=7854000
  [DEBUG] idx=2 -> nonce g=7854001
  [DEBUG] idx=3 -> nonce g=7854001
  [DEBUG] idx=373998 -> nonce g=8040999
  [DEBUG] idx=373999 -> nonce g=8040999
  [DEBUG] First 10 hash bucket IDs: 711006 251819 902922 954090 819929 524554 526850 278954 696990 674630 
  [DEBUG] First hash bytes: ad 95 e1 39
Running GPU stages 1-7...
  Stage 1: 16810 collisions in 10159 buckets (max 8 per bucket)
  [DEBUG] First 5 non-empty buckets: bucket 0=1 colls, bucket 1=1 colls, bucket 2=2 colls, bucket 3=2 colls, bucket 6=1 colls, 
  [DEBUG] First collision attr=0x19791a94 hash=00876280
  Stage 2: 8591 collisions
  [DEBUG] Stage 2 first 10 bucket_counts: 0 0 0 0 0 0 0 0 0 0 
  Stage 3: 2270 collisions
  Stage 4: 170 collisions
  Stage 5: 1 collisions
  Stage 6: 0 collisions
  Stage 7: 0 solution candidates
GPU mining complete: 0.69 seconds

No solution candidates found (need more nonces)

═══ Batch 44/54: nonces 8041000-8227999 (187000 nonces) ═══

--- Mining batch: 187000 nonces (374000 hashes) starting at nonce 8041000 ---
  [DEBUG] idx=0 -> nonce g=8041000
  [DEBUG] idx=1 -> nonce g=8041000
  [DEBUG] idx=2 -> nonce g=8041001
  [DEBUG] idx=3 -> nonce g=8041001
  [DEBUG] idx=373998 -> nonce g=8227999
  [DEBUG] idx=373999 -> nonce g=8227999
  [DEBUG] First 10 hash bucket IDs: 312426 70036 217223 255284 552810 779867 415967 811835 900202 346474 
  [DEBUG] First hash bytes: 4c 46 ab 17
Running GPU stages 1-7...
  Stage 1: 16378 collisions in 10056 buckets (max 10 per bucket)
  [DEBUG] First 5 non-empty buckets: bucket 2=1 colls, bucket 3=3 colls, bucket 6=3 colls, bucket 8=3 colls, bucket 9=4 colls, 
  [DEBUG] First collision attr=0x00000000 hash=00000000
  Stage 2: 0 collisions
  [DEBUG] Stage 2 first 10 bucket_counts: 0 0 0 0 0 0 0 0 0 0 
  Stage 3: 0 collisions
  Stage 4: 0 collisions
  Stage 5: 0 collisions
  Stage 6: 0 collisions
  Stage 7: 0 solution candidates
GPU mining complete: 0.61 seconds

No solution candidates found (need more nonces)

═══ Batch 45/54: nonces 8228000-8414999 (187000 nonces) ═══

--- Mining batch: 187000 nonces (374000 hashes) starting at nonce 8228000 ---
  [DEBUG] idx=0 -> nonce g=8228000
  [DEBUG] idx=1 -> nonce g=8228000
  [DEBUG] idx=2 -> nonce g=8228001
  [DEBUG] idx=3 -> nonce g=8228001
  [DEBUG] idx=373998 -> nonce g=8414999
  [DEBUG] idx=373999 -> nonce g=8414999
  [DEBUG] First 10 hash bucket IDs: 740886 405180 77036 987227 572040 51595 929726 229791 552769 600424 
  [DEBUG] First hash bytes: b4 e1 6f 86
Running GPU stages 1-7...
  Stage 1: 16624 collisions in 10146 buckets (max 8 per bucket)
  [DEBUG] First 5 non-empty buckets: bucket 0=1 colls, bucket 2=1 colls, bucket 6=2 colls, bucket 7=1 colls, bucket 8=2 colls, 
  [DEBUG] First collision attr=0x18036b38 hash=0064c21b
  Stage 2: 8455 collisions
  [DEBUG] Stage 2 first 10 bucket_counts: 0 0 0 0 0 0 0 0 0 0 
  Stage 3: 2185 collisions
  Stage 4: 166 collisions
  Stage 5: 0 collisions
  Stage 6: 0 collisions
  Stage 7: 0 solution candidates
GPU mining complete: 0.67 seconds

No solution candidates found (need more nonces)

═══ Batch 46/54: nonces 8415000-8601999 (187000 nonces) ═══

--- Mining batch: 187000 nonces (374000 hashes) starting at nonce 8415000 ---
  [DEBUG] idx=0 -> nonce g=8415000
  [DEBUG] idx=1 -> nonce g=8415000
  [DEBUG] idx=2 -> nonce g=8415001
  [DEBUG] idx=3 -> nonce g=8415001
  [DEBUG] idx=373998 -> nonce g=8601999
  [DEBUG] idx=373999 -> nonce g=8601999
  [DEBUG] First 10 hash bucket IDs: 225234 923813 5112 48938 968404 34458 264208 876924 1039914 867561 
  [DEBUG] First hash bytes: 36 fd 25 46
Running GPU stages 1-7...
  Stage 1: 16628 collisions in 10060 buckets (max 9 per bucket)
  [DEBUG] First 5 non-empty buckets: bucket 2=2 colls, bucket 3=2 colls, bucket 4=2 colls, bucket 5=1 colls, bucket 6=2 colls, 
  [DEBUG] First collision attr=0x00000000 hash=00000000
  Stage 2: 8492 collisions
  [DEBUG] Stage 2 first 10 bucket_counts: 0 0 0 0 0 0 0 0 0 0 
  Stage 3: 2199 collisions
  Stage 4: 158 collisions
  Stage 5: 0 collisions
  Stage 6: 0 collisions
  Stage 7: 0 solution candidates
GPU mining complete: 0.68 seconds

No solution candidates found (need more nonces)

═══ Batch 47/54: nonces 8602000-8788999 (187000 nonces) ═══

--- Mining batch: 187000 nonces (374000 hashes) starting at nonce 8602000 ---
  [DEBUG] idx=0 -> nonce g=8602000
  [DEBUG] idx=1 -> nonce g=8602000
  [DEBUG] idx=2 -> nonce g=8602001
  [DEBUG] idx=3 -> nonce g=8602001
  [DEBUG] idx=373998 -> nonce g=8788999
  [DEBUG] idx=373999 -> nonce g=8788999
  [DEBUG] First 10 hash bucket IDs: 1030232 623705 209197 188253 871380 723244 45080 243645 950676 495024 
  [DEBUG] First hash bytes: fb 85 81 18
Running GPU stages 1-7...
  Stage 1: 16611 collisions in 10083 buckets (max 7 per bucket)
  [DEBUG] First 5 non-empty buckets: bucket 2=1 colls, bucket 5=1 colls, bucket 6=1 colls, bucket 7=1 colls, bucket 8=1 colls, 
  [DEBUG] First collision attr=0x00000000 hash=00000000
  Stage 2: 0 collisions
  [DEBUG] Stage 2 first 10 bucket_counts: 0 0 0 0 0 0 0 0 0 0 
  Stage 3: 0 collisions
  Stage 4: 0 collisions
  Stage 5: 0 collisions
  Stage 6: 0 collisions
  Stage 7: 0 solution candidates
GPU mining complete: 0.61 seconds

No solution candidates found (need more nonces)

═══ Batch 48/54: nonces 8789000-8975999 (187000 nonces) ═══

--- Mining batch: 187000 nonces (374000 hashes) starting at nonce 8789000 ---
  [DEBUG] idx=0 -> nonce g=8789000
  [DEBUG] idx=1 -> nonce g=8789000
  [DEBUG] idx=2 -> nonce g=8789001
  [DEBUG] idx=3 -> nonce g=8789001
  [DEBUG] idx=373998 -> nonce g=8975999
  [DEBUG] idx=373999 -> nonce g=8975999
  [DEBUG] First 10 hash bucket IDs: 277601 228073 628418 639936 55575 610055 46758 501010 221729 119666 
  [DEBUG] First hash bytes: 43 c6 1a ad
Running GPU stages 1-7...
  Stage 1: 16860 collisions in 10202 buckets (max 9 per bucket)
  [DEBUG] First 5 non-empty buckets: bucket 6=1 colls, bucket 7=2 colls, bucket 10=1 colls, bucket 12=2 colls, bucket 13=2 colls, 
  [DEBUG] First collision attr=0x00000000 hash=00000000
  Stage 2: 8621 collisions
  [DEBUG] Stage 2 first 10 bucket_counts: 0 0 0 0 0 0 0 0 0 0 
  Stage 3: 2349 collisions
  Stage 4: 173 collisions
  Stage 5: 4 collisions
  Stage 6: 1 collisions
  Stage 7: 0 solution candidates
GPU mining complete: 0.68 seconds

No solution candidates found (need more nonces)

═══ Batch 49/54: nonces 8976000-9162999 (187000 nonces) ═══

--- Mining batch: 187000 nonces (374000 hashes) starting at nonce 8976000 ---
  [DEBUG] idx=0 -> nonce g=8976000
  [DEBUG] idx=1 -> nonce g=8976000
  [DEBUG] idx=2 -> nonce g=8976001
  [DEBUG] idx=3 -> nonce g=8976001
  [DEBUG] idx=373998 -> nonce g=9162999
  [DEBUG] idx=373999 -> nonce g=9162999
  [DEBUG] First 10 hash bucket IDs: 735415 1046089 443095 915628 218023 946370 1035619 371026 308462 926712 
  [DEBUG] First hash bytes: b3 8b 7d 8b
Running GPU stages 1-7...
  Stage 1: 16377 collisions in 9955 buckets (max 11 per bucket)
  [DEBUG] First 5 non-empty buckets: bucket 1=1 colls, bucket 2=4 colls, bucket 3=1 colls, bucket 4=1 colls, bucket 5=1 colls, 
  [DEBUG] First collision attr=0x00000000 hash=00000000
  Stage 2: 8067 collisions
  [DEBUG] Stage 2 first 10 bucket_counts: 0 0 0 0 0 0 0 0 0 0 
  Stage 3: 1990 collisions
  Stage 4: 88 collisions
  Stage 5: 0 collisions
  Stage 6: 0 collisions
  Stage 7: 0 solution candidates
GPU mining complete: 0.67 seconds

No solution candidates found (need more nonces)

═══ Batch 50/54: nonces 9163000-9349999 (187000 nonces) ═══

--- Mining batch: 187000 nonces (374000 hashes) starting at nonce 9163000 ---
  [DEBUG] idx=0 -> nonce g=9163000
  [DEBUG] idx=1 -> nonce g=9163000
  [DEBUG] idx=2 -> nonce g=9163001
  [DEBUG] idx=3 -> nonce g=9163001
  [DEBUG] idx=373998 -> nonce g=9349999
  [DEBUG] idx=373999 -> nonce g=9349999
  [DEBUG] First 10 hash bucket IDs: 592514 1026043 348276 840525 352688 928898 746696 287348 827929 375762 
  [DEBUG] First hash bytes: 90 a8 29 81
Running GPU stages 1-7...
  Stage 1: 16353 collisions in 9969 buckets (max 12 per bucket)
  [DEBUG] First 5 non-empty buckets: bucket 2=2 colls, bucket 3=2 colls, bucket 4=1 colls, bucket 6=1 colls, bucket 7=1 colls, 
  [DEBUG] First collision attr=0x00000000 hash=00000000
  Stage 2: 0 collisions
  [DEBUG] Stage 2 first 10 bucket_counts: 0 0 0 0 0 0 0 0 0 0 
  Stage 3: 0 collisions
  Stage 4: 0 collisions
  Stage 5: 0 collisions
  Stage 6: 0 collisions
  Stage 7: 0 solution candidates
GPU mining complete: 0.62 seconds

No solution candidates found (need more nonces)

═══ Batch 51/54: nonces 9350000-9536999 (187000 nonces) ═══

--- Mining batch: 187000 nonces (374000 hashes) starting at nonce 9350000 ---
  [DEBUG] idx=0 -> nonce g=9350000
  [DEBUG] idx=1 -> nonce g=9350000
  [DEBUG] idx=2 -> nonce g=9350001
  [DEBUG] idx=3 -> nonce g=9350001
  [DEBUG] idx=373998 -> nonce g=9536999
  [DEBUG] idx=373999 -> nonce g=9536999
  [DEBUG] First 10 hash bucket IDs: 978704 752116 747965 53217 300373 731802 427511 305440 372852 382963 
  [DEBUG] First hash bytes: ee f1 03 8e
Running GPU stages 1-7...
  Stage 1: 16688 collisions in 10122 buckets (max 9 per bucket)
  [DEBUG] First 5 non-empty buckets: bucket 1=2 colls, bucket 2=2 colls, bucket 5=1 colls, bucket 7=1 colls, bucket 12=3 colls, 
  [DEBUG] First collision attr=0x00000000 hash=00000000
  Stage 2: 8512 collisions
  [DEBUG] Stage 2 first 10 bucket_counts: 0 0 0 0 0 0 0 0 0 0 
  Stage 3: 2172 collisions
  Stage 4: 139 collisions
  Stage 5: 1 collisions
  Stage 6: 0 collisions
  Stage 7: 0 solution candidates
GPU mining complete: 0.68 seconds

No solution candidates found (need more nonces)

═══ Batch 52/54: nonces 9537000-9723999 (187000 nonces) ═══

--- Mining batch: 187000 nonces (374000 hashes) starting at nonce 9537000 ---
  [DEBUG] idx=0 -> nonce g=9537000
  [DEBUG] idx=1 -> nonce g=9537000
  [DEBUG] idx=2 -> nonce g=9537001
  [DEBUG] idx=3 -> nonce g=9537001
  [DEBUG] idx=373998 -> nonce g=9723999
  [DEBUG] idx=373999 -> nonce g=9723999
  [DEBUG] First 10 hash bucket IDs: 33408 337271 276952 120866 380412 827844 875640 52682 212369 891134 
  [DEBUG] First hash bytes: 08 28 03 e4
Running GPU stages 1-7...
  Stage 1: 16450 collisions in 9985 buckets (max 10 per bucket)
  [DEBUG] First 5 non-empty buckets: bucket 1=1 colls, bucket 3=1 colls, bucket 4=1 colls, bucket 7=3 colls, bucket 8=1 colls, 
  [DEBUG] First collision attr=0x00000000 hash=00000000
  Stage 2: 8322 collisions
  [DEBUG] Stage 2 first 10 bucket_counts: 0 0 0 0 0 0 0 0 0 0 
  Stage 3: 2057 collisions
  Stage 4: 131 collisions
  Stage 5: 0 collisions
  Stage 6: 0 collisions
  Stage 7: 0 solution candidates
GPU mining complete: 0.66 seconds

No solution candidates found (need more nonces)

═══ Batch 53/54: nonces 9724000-9910999 (187000 nonces) ═══

--- Mining batch: 187000 nonces (374000 hashes) starting at nonce 9724000 ---
  [DEBUG] idx=0 -> nonce g=9724000
  [DEBUG] idx=1 -> nonce g=9724000
  [DEBUG] idx=2 -> nonce g=9724001
  [DEBUG] idx=3 -> nonce g=9724001
  [DEBUG] idx=373998 -> nonce g=9910999
  [DEBUG] idx=373999 -> nonce g=9910999
  [DEBUG] First 10 hash bucket IDs: 146464 445914 932500 227585 378678 812471 149871 957389 785963 163129 
  [DEBUG] First hash bytes: 23 c2 03 0b
Running GPU stages 1-7...
  Stage 1: 16403 collisions in 9955 buckets (max 8 per bucket)
  [DEBUG] First 5 non-empty buckets: bucket 0=1 colls, bucket 2=1 colls, bucket 4=1 colls, bucket 5=1 colls, bucket 6=2 colls, 
  [DEBUG] First collision attr=0x22177bc9 hash=00527bd3
  Stage 2: 0 collisions
  [DEBUG] Stage 2 first 10 bucket_counts: 0 0 0 0 0 0 0 0 0 0 
  Stage 3: 0 collisions
  Stage 4: 0 collisions
  Stage 5: 0 collisions
  Stage 6: 0 collisions
  Stage 7: 0 solution candidates
GPU mining complete: 0.61 seconds

No solution candidates found (need more nonces)

═══ Batch 54/54: nonces 9911000-9999999 (89000 nonces) ═══

--- Mining batch: 89000 nonces (178000 hashes) starting at nonce 9911000 ---
  [DEBUG] idx=0 -> nonce g=9911000
  [DEBUG] idx=1 -> nonce g=9911000
  [DEBUG] idx=2 -> nonce g=9911001
  [DEBUG] idx=3 -> nonce g=9911001
  [DEBUG] idx=177998 -> nonce g=9999999
  [DEBUG] idx=177999 -> nonce g=9999999
  [DEBUG] First 10 hash bucket IDs: 869505 42574 131738 13948 594410 534682 460836 161927 842963 227000 
  [DEBUG] First hash bytes: d4 48 13 8c
Running GPU stages 1-7...
  Stage 1: 3863 collisions in 3328 buckets (max 6 per bucket)
  [DEBUG] First 5 non-empty buckets: bucket 2=1 colls, bucket 4=1 colls, bucket 7=1 colls, bucket 12=1 colls, bucket 17=1 colls, 
  [DEBUG] First collision attr=0x00000000 hash=00000000
  Stage 2: 431 collisions
  [DEBUG] Stage 2 first 10 bucket_counts: 0 0 0 0 0 0 0 0 0 0 
  Stage 3: 5 collisions
  Stage 4: 0 collisions
  Stage 5: 0 collisions
  Stage 6: 0 collisions
  Stage 7: 0 solution candidates
GPU mining complete: 0.63 seconds

No solution candidates found (need more nonces)

╔═══════════════════════════════════════════════════════════╗
║                    MINING COMPLETE                        ║
╚═══════════════════════════════════════════════════════════╝

Results:
  Total nonces processed: 10000000
  Total mining time: 100.96 seconds
  Hash rate: 99049.06 Sol/s
  Valid solutions found: 0

⚠️  No valid solutions found
   This may indicate an issue with collision detection.
   Check GPU kernel implementation.

