/home/mine/silentarmy192_7/./silentarmy:191: DeprecationWarning: "@coroutine" decorator is deprecated since Python 3.8, use "async def" instead
  def reconnect(self):
/home/mine/silentarmy192_7/./silentarmy:210: DeprecationWarning: "@coroutine" decorator is deprecated since Python 3.8, use "async def" instead
  def show_stats(self):
/home/mine/silentarmy192_7/./silentarmy:308: DeprecationWarning: "@coroutine" decorator is deprecated since Python 3.8, use "async def" instead
  def start_solvers(self, devid):
DEBUG:asyncio:Get address info equihash192.na.mine.zpool.ca:2192, type=<SocketKind.SOCK_STREAM: 1>
DEBUG:asyncio:execute program '/home/mine/silentarmy192_7/sa-solver' stdin=<pipe> stdout=stderr=<pipe>
DEBUG:asyncio:process '/home/mine/silentarmy192_7/sa-solver' created: pid 456042
DEBUG:asyncio:Getting address info equihash192.na.mine.zpool.ca:2192, type=<SocketKind.SOCK_STREAM: 1> took 2.908ms: [(<AddressFamily.AF_INET: 2>, <SocketKind.SOCK_STREAM: 1>, 6, '', ('198.50.168.213', 2192))]
DEBUG:asyncio:Write pipe 8 connected: (<_UnixWritePipeTransport fd=8 idle bufsize=0>, <WriteSubprocessPipeProto fd=0 pipe=<_UnixWritePipeTransport fd=8 idle bufsize=0>>)
DEBUG:asyncio:Read pipe 9 connected: (<_UnixReadPipeTransport fd=9 polling>, <ReadSubprocessPipeProto fd=1 pipe=<_UnixReadPipeTransport fd=9 polling>>)
INFO:asyncio:execute program '/home/mine/silentarmy192_7/sa-solver': <_UnixSubprocessTransport pid=456042 running stdin=<_UnixWritePipeTransport fd=8 idle bufsize=0> stdout=<_UnixReadPipeTransport fd=9 polling>>
DEBUG:asyncio:<asyncio.TransportSocket fd=6, family=AddressFamily.AF_INET, type=SocketKind.SOCK_STREAM, proto=6, laddr=('10.42.0.120', 54134), raddr=('198.50.168.213', 2192)> connected to equihash192.na.mine.zpool.ca:2192: (<_SelectorSocketTransport fd=6 read=polling write=<idle, bufsize=0>>, <__main__.StratumClientProtocol object at 0x7f1b09975e50>)
INFO:asyncio:<_UnixReadPipeTransport fd=9 polling> was closed by peer
INFO:asyncio:<_UnixWritePipeTransport fd=8 idle bufsize=0> was closed by peer
DEBUG:asyncio:process 456042 exited with returncode 134
INFO:asyncio:<_UnixSubprocessTransport pid=456042 running stdin=<_UnixWritePipeTransport closed fd=8 closed> stdout=<_UnixReadPipeTransport closed fd=9 closed>> exited with return code 134
