/home/mine/silentarmy192_7/./silentarmy:191: DeprecationWarning: "@coroutine" decorator is deprecated since Python 3.8, use "async def" instead
  def reconnect(self):
/home/mine/silentarmy192_7/./silentarmy:210: DeprecationWarning: "@coroutine" decorator is deprecated since Python 3.8, use "async def" instead
  def show_stats(self):
/home/mine/silentarmy192_7/./silentarmy:308: DeprecationWarning: "@coroutine" decorator is deprecated since Python 3.8, use "async def" instead
  def start_solvers(self, devid):
DEBUG:asyncio:Get address info equihash192.na.mine.zpool.ca:2192, type=<SocketKind.SOCK_STREAM: 1>
DEBUG:asyncio:execute program '/home/mine/silentarmy192_7/sa-solver' stdin=<pipe> stdout=stderr=<pipe>
DEBUG:asyncio:process '/home/mine/silentarmy192_7/sa-solver' created: pid 460284
DEBUG:asyncio:Getting address info equihash192.na.mine.zpool.ca:2192, type=<SocketKind.SOCK_STREAM: 1> took 2.911ms: [(<AddressFamily.AF_INET: 2>, <SocketKind.SOCK_STREAM: 1>, 6, '', ('198.50.168.213', 2192))]
DEBUG:asyncio:Write pipe 8 connected: (<_UnixWritePipeTransport fd=8 idle bufsize=0>, <WriteSubprocessPipeProto fd=0 pipe=<_UnixWritePipeTransport fd=8 idle bufsize=0>>)
DEBUG:asyncio:Read pipe 9 connected: (<_UnixReadPipeTransport fd=9 polling>, <ReadSubprocessPipeProto fd=1 pipe=<_UnixReadPipeTransport fd=9 polling>>)
INFO:asyncio:execute program '/home/mine/silentarmy192_7/sa-solver': <_UnixSubprocessTransport pid=460284 running stdin=<_UnixWritePipeTransport fd=8 idle bufsize=0> stdout=<_UnixReadPipeTransport fd=9 polling>>
DEBUG:asyncio:<asyncio.TransportSocket fd=6, family=AddressFamily.AF_INET, type=SocketKind.SOCK_STREAM, proto=6, laddr=('10.42.0.120', 54844), raddr=('198.50.168.213', 2192)> connected to equihash192.na.mine.zpool.ca:2192: (<_SelectorSocketTransport fd=6 read=polling write=<idle, bufsize=0>>, <__main__.StratumClientProtocol object at 0x7ff7dd829e50>)
Connecting to equihash192.na.mine.zpool.ca:2192
Solver 0.0: launching
Successfully connected to equihash192.na.mine.zpool.ca:2192
Received target 00ffff0000000000000000000000000000000000000000000000000000000000
Received job "1aba"
Stratum server sent us the first job
Mining on 1 device
Received job "1abb"
Received job "1abe"
Total 0.0 sol/s [dev0 0.0] 12 shares
Total 0.0 sol/s [dev0 0.0] 12 shares
Received job "1abf"
Total 0.0 sol/s [dev0 0.0] 12 shares
Total 0.0 sol/s [dev0 0.0] 12 shares
Total 0.0 sol/s [dev0 0.0] 12 shares
Total 0.0 sol/s [dev0 0.0] 12 shares
Total 0.0 sol/s [dev0 0.0] 12 shares
Total 0.0 sol/s [dev0 0.0] 12 shares
Total 0.0 sol/s [dev0 0.0] 12 shares
Total 0.0 sol/s [dev0 0.0] 12 shares
Total 0.0 sol/s [dev0 0.0] 12 shares
Total 0.0 sol/s [dev0 0.0] 12 shares
Total 0.0 sol/s [dev0 0.0] 12 shares
Total 153.1 sol/s [dev0 199.1] 16 shares
Total 142.2 sol/s [dev0 199.1] 16 shares
Total 132.7 sol/s [dev0 199.1] 16 shares
Total 124.4 sol/s [dev0 199.1] 16 shares
Total 117.1 sol/s [dev0 199.1] 16 shares
Total 110.6 sol/s [dev0 199.1] 16 shares
Total 104.8 sol/s [dev0 199.1] 16 shares
Terminated
